P3 grid: 23008 requests across 1438 questions.
Progress: 0/23008 recorded, spend so far 0.0000 USD, remaining 25.0000 USD
Submitting next chunk: 4362 requests.
Progress: 0/23008 recorded, spend so far 0.0000 USD, remaining 25.0000 USD
Batch still processing -- polling again in 30s.
Progress: 0/23008 recorded, spend so far 0.0000 USD, remaining 25.0000 USD
Batch still processing -- polling again in 30s.
Progress: 0/23008 recorded, spend so far 0.0000 USD, remaining 25.0000 USD
Batch still processing -- polling again in 30s.
Progress: 0/23008 recorded, spend so far 0.0000 USD, remaining 25.0000 USD
Batch still processing -- polling again in 30s.
Progress: 0/23008 recorded, spend so far 0.0000 USD, remaining 25.0000 USD
Batch still processing -- polling again in 30s.
Progress: 0/23008 recorded, spend so far 0.0000 USD, remaining 25.0000 USD
Batch still processing -- polling again in 30s.
Progress: 0/23008 recorded, spend so far 0.0000 USD, remaining 25.0000 USD
Batch still processing -- polling again in 30s.
Progress: 0/23008 recorded, spend so far 0.0000 USD, remaining 25.0000 USD
Batch still processing -- polling again in 30s.
Progress: 0/23008 recorded, spend so far 0.0000 USD, remaining 25.0000 USD
Progress: 4362/23008 recorded, spend so far 2.3425 USD, remaining 22.6575 USD
Submitting next chunk: 3951 requests.
Progress: 4362/23008 recorded, spend so far 2.3425 USD, remaining 22.6575 USD
Batch still processing -- polling again in 30s.
Progress: 4362/23008 recorded, spend so far 2.3425 USD, remaining 22.6575 USD
Batch still processing -- polling again in 30s.
Progress: 4362/23008 recorded, spend so far 2.3425 USD, remaining 22.6575 USD
Batch still processing -- polling again in 30s.
Progress: 4362/23008 recorded, spend so far 2.3425 USD, remaining 22.6575 USD
Batch still processing -- polling again in 30s.
Progress: 4362/23008 recorded, spend so far 2.3425 USD, remaining 22.6575 USD
Batch still processing -- polling again in 30s.
Progress: 4362/23008 recorded, spend so far 2.3425 USD, remaining 22.6575 USD
Batch still processing -- polling again in 30s.
Progress: 4362/23008 recorded, spend so far 2.3425 USD, remaining 22.6575 USD
Batch still processing -- polling again in 30s.
Progress: 4362/23008 recorded, spend so far 2.3425 USD, remaining 22.6575 USD
Batch still processing -- polling again in 30s.
Progress: 4362/23008 recorded, spend so far 2.3425 USD, remaining 22.6575 USD
Progress: 8313/23008 recorded, spend so far 4.3575 USD, remaining 20.6425 USD
Submitting next chunk: 2669 requests.
Progress: 8313/23008 recorded, spend so far 4.3575 USD, remaining 20.6425 USD
Batch still processing -- polling again in 30s.
Progress: 8313/23008 recorded, spend so far 4.3575 USD, remaining 20.6425 USD
Batch still processing -- polling again in 30s.
Progress: 8313/23008 recorded, spend so far 4.3575 USD, remaining 20.6425 USD
Batch still processing -- polling again in 30s.
Progress: 8313/23008 recorded, spend so far 4.3575 USD, remaining 20.6425 USD
Batch still processing -- polling again in 30s.
Progress: 8313/23008 recorded, spend so far 4.3575 USD, remaining 20.6425 USD
Batch still processing -- polling again in 30s.
Progress: 8313/23008 recorded, spend so far 4.3575 USD, remaining 20.6425 USD
Batch still processing -- polling again in 30s.
Progress: 8313/23008 recorded, spend so far 4.3575 USD, remaining 20.6425 USD
Progress: 10982/23008 recorded, spend so far 6.0550 USD, remaining 18.9450 USD
Submitting next chunk: 1653 requests.
Progress: 10982/23008 recorded, spend so far 6.0550 USD, remaining 18.9450 USD
Batch still processing -- polling again in 30s.
Progress: 10982/23008 recorded, spend so far 6.0550 USD, remaining 18.9450 USD
Batch still processing -- polling again in 30s.
Progress: 10982/23008 recorded, spend so far 6.0550 USD, remaining 18.9450 USD
Batch still processing -- polling again in 30s.
Progress: 10982/23008 recorded, spend so far 6.0550 USD, remaining 18.9450 USD
Batch still processing -- polling again in 30s.
Progress: 10982/23008 recorded, spend so far 6.0550 USD, remaining 18.9450 USD
Batch still processing -- polling again in 30s.
Progress: 10982/23008 recorded, spend so far 6.0550 USD, remaining 18.9450 USD
Batch still processing -- polling again in 30s.
Progress: 10982/23008 recorded, spend so far 6.0550 USD, remaining 18.9450 USD
Progress: 12635/23008 recorded, spend so far 7.8062 USD, remaining 17.1938 USD
Submitting next chunk: 1499 requests.
Progress: 12635/23008 recorded, spend so far 7.8062 USD, remaining 17.1938 USD
Batch still processing -- polling again in 30s.
Progress: 12635/23008 recorded, spend so far 7.8062 USD, remaining 17.1938 USD
Batch still processing -- polling again in 30s.
Progress: 12635/23008 recorded, spend so far 7.8062 USD, remaining 17.1938 USD
Batch still processing -- polling again in 30s.
Progress: 12635/23008 recorded, spend so far 7.8062 USD, remaining 17.1938 USD
Batch still processing -- polling again in 30s.
Progress: 12635/23008 recorded, spend so far 7.8062 USD, remaining 17.1938 USD
Batch still processing -- polling again in 30s.
Progress: 12635/23008 recorded, spend so far 7.8062 USD, remaining 17.1938 USD
Batch still processing -- polling again in 30s.
Progress: 12635/23008 recorded, spend so far 7.8062 USD, remaining 17.1938 USD
Progress: 14134/23008 recorded, spend so far 9.3297 USD, remaining 15.6703 USD
Submitting next chunk: 1366 requests.
Progress: 14134/23008 recorded, spend so far 9.3297 USD, remaining 15.6703 USD
Batch still processing -- polling again in 30s.
Progress: 14134/23008 recorded, spend so far 9.3297 USD, remaining 15.6703 USD
Batch still processing -- polling again in 30s.
Progress: 14134/23008 recorded, spend so far 9.3297 USD, remaining 15.6703 USD
Batch still processing -- polling again in 30s.
Progress: 14134/23008 recorded, spend so far 9.3297 USD, remaining 15.6703 USD
Batch still processing -- polling again in 30s.
Progress: 14134/23008 recorded, spend so far 9.3297 USD, remaining 15.6703 USD
Batch still processing -- polling again in 30s.
Progress: 14134/23008 recorded, spend so far 9.3297 USD, remaining 15.6703 USD
Batch still processing -- polling again in 30s.
Progress: 14134/23008 recorded, spend so far 9.3297 USD, remaining 15.6703 USD
Progress: 15500/23008 recorded, spend so far 10.7567 USD, remaining 14.2433 USD
Submitting next chunk: 1242 requests.
Progress: 15500/23008 recorded, spend so far 10.7567 USD, remaining 14.2433 USD
Batch still processing -- polling again in 30s.
Progress: 15500/23008 recorded, spend so far 10.7567 USD, remaining 14.2433 USD
Batch still processing -- polling again in 30s.
Progress: 15500/23008 recorded, spend so far 10.7567 USD, remaining 14.2433 USD
Batch still processing -- polling again in 30s.
Progress: 15500/23008 recorded, spend so far 10.7567 USD, remaining 14.2433 USD
Batch still processing -- polling again in 30s.
Progress: 15500/23008 recorded, spend so far 10.7567 USD, remaining 14.2433 USD
Batch still processing -- polling again in 30s.
Progress: 15500/23008 recorded, spend so far 10.7567 USD, remaining 14.2433 USD
Batch still processing -- polling again in 30s.
Progress: 15500/23008 recorded, spend so far 10.7567 USD, remaining 14.2433 USD
Progress: 16742/23008 recorded, spend so far 12.0351 USD, remaining 12.9649 USD
Submitting next chunk: 1130 requests.
Progress: 16742/23008 recorded, spend so far 12.0351 USD, remaining 12.9649 USD
Batch still processing -- polling again in 30s.
Progress: 16742/23008 recorded, spend so far 12.0351 USD, remaining 12.9649 USD
Batch still processing -- polling again in 30s.
Progress: 16742/23008 recorded, spend so far 12.0351 USD, remaining 12.9649 USD
Batch still processing -- polling again in 30s.
Progress: 16742/23008 recorded, spend so far 12.0351 USD, remaining 12.9649 USD
Batch still processing -- polling again in 30s.
Progress: 16742/23008 recorded, spend so far 12.0351 USD, remaining 12.9649 USD
Batch still processing -- polling again in 30s.
Progress: 16742/23008 recorded, spend so far 12.0351 USD, remaining 12.9649 USD
Batch still processing -- polling again in 30s.
Progress: 16742/23008 recorded, spend so far 12.0351 USD, remaining 12.9649 USD
Batch still processing -- polling again in 30s.
Progress: 16742/23008 recorded, spend so far 12.0351 USD, remaining 12.9649 USD
Batch still processing -- polling again in 30s.
Progress: 16742/23008 recorded, spend so far 12.0351 USD, remaining 12.9649 USD
Batch still processing -- polling again in 30s.
Progress: 16742/23008 recorded, spend so far 12.0351 USD, remaining 12.9649 USD
Batch still processing -- polling again in 30s.
Progress: 16742/23008 recorded, spend so far 12.0351 USD, remaining 12.9649 USD
Batch still processing -- polling again in 30s.
Progress: 16742/23008 recorded, spend so far 12.0351 USD, remaining 12.9649 USD
Batch still processing -- polling again in 30s.
Progress: 16742/23008 recorded, spend so far 12.0351 USD, remaining 12.9649 USD
Batch still processing -- polling again in 30s.
Progress: 16742/23008 recorded, spend so far 12.0351 USD, remaining 12.9649 USD
Batch still processing -- polling again in 30s.
Progress: 16742/23008 recorded, spend so far 12.0351 USD, remaining 12.9649 USD
Batch still processing -- polling again in 30s.
Progress: 16742/23008 recorded, spend so far 12.0351 USD, remaining 12.9649 USD
Batch still processing -- polling again in 30s.
Progress: 16742/23008 recorded, spend so far 12.0351 USD, remaining 12.9649 USD
Batch still processing -- polling again in 30s.
Progress: 16742/23008 recorded, spend so far 12.0351 USD, remaining 12.9649 USD
Batch still processing -- polling again in 30s.
Progress: 16742/23008 recorded, spend so far 12.0351 USD, remaining 12.9649 USD
Batch still processing -- polling again in 30s.
Progress: 16742/23008 recorded, spend so far 12.0351 USD, remaining 12.9649 USD
Batch still processing -- polling again in 30s.
Progress: 16742/23008 recorded, spend so far 12.0351 USD, remaining 12.9649 USD
Batch still processing -- polling again in 30s.
Progress: 16742/23008 recorded, spend so far 12.0351 USD, remaining 12.9649 USD
Batch still processing -- polling again in 30s.
Progress: 16742/23008 recorded, spend so far 12.0351 USD, remaining 12.9649 USD
Batch still processing -- polling again in 30s.
Progress: 16742/23008 recorded, spend so far 12.0351 USD, remaining 12.9649 USD
Progress: 17872/23008 recorded, spend so far 13.2636 USD, remaining 11.7364 USD
Submitting next chunk: 1020 requests.
Progress: 17872/23008 recorded, spend so far 13.2636 USD, remaining 11.7364 USD
Batch still processing -- polling again in 30s.
Progress: 17872/23008 recorded, spend so far 13.2636 USD, remaining 11.7364 USD
Batch still processing -- polling again in 30s.
Progress: 17872/23008 recorded, spend so far 13.2636 USD, remaining 11.7364 USD
Batch still processing -- polling again in 30s.
Progress: 17872/23008 recorded, spend so far 13.2636 USD, remaining 11.7364 USD
Batch still processing -- polling again in 30s.
Progress: 17872/23008 recorded, spend so far 13.2636 USD, remaining 11.7364 USD
Batch still processing -- polling again in 30s.
Progress: 17872/23008 recorded, spend so far 13.2636 USD, remaining 11.7364 USD
Batch still processing -- polling again in 30s.
Progress: 17872/23008 recorded, spend so far 13.2636 USD, remaining 11.7364 USD
Batch still processing -- polling again in 30s.
Progress: 17872/23008 recorded, spend so far 13.2636 USD, remaining 11.7364 USD
Batch still processing -- polling again in 30s.
Progress: 17872/23008 recorded, spend so far 13.2636 USD, remaining 11.7364 USD
Batch still processing -- polling again in 30s.
Progress: 17872/23008 recorded, spend so far 13.2636 USD, remaining 11.7364 USD
Batch still processing -- polling again in 30s.
Progress: 17872/23008 recorded, spend so far 13.2636 USD, remaining 11.7364 USD
Batch still processing -- polling again in 30s.
Progress: 17872/23008 recorded, spend so far 13.2636 USD, remaining 11.7364 USD
Batch still processing -- polling again in 30s.
Progress: 17872/23008 recorded, spend so far 13.2636 USD, remaining 11.7364 USD
Batch still processing -- polling again in 30s.
Progress: 17872/23008 recorded, spend so far 13.2636 USD, remaining 11.7364 USD
Batch still processing -- polling again in 30s.
Progress: 17872/23008 recorded, spend so far 13.2636 USD, remaining 11.7364 USD
Batch still processing -- polling again in 30s.
Progress: 17872/23008 recorded, spend so far 13.2636 USD, remaining 11.7364 USD
Batch still processing -- polling again in 30s.
Progress: 17872/23008 recorded, spend so far 13.2636 USD, remaining 11.7364 USD
Batch still processing -- polling again in 30s.
Progress: 17872/23008 recorded, spend so far 13.2636 USD, remaining 11.7364 USD
Batch still processing -- polling again in 30s.
Progress: 17872/23008 recorded, spend so far 13.2636 USD, remaining 11.7364 USD
Batch still processing -- polling again in 30s.
Progress: 17872/23008 recorded, spend so far 13.2636 USD, remaining 11.7364 USD
Batch still processing -- polling again in 30s.
Progress: 17872/23008 recorded, spend so far 13.2636 USD, remaining 11.7364 USD
Batch still processing -- polling again in 30s.
Progress: 17872/23008 recorded, spend so far 13.2636 USD, remaining 11.7364 USD
Batch still processing -- polling again in 30s.
Progress: 17872/23008 recorded, spend so far 13.2636 USD, remaining 11.7364 USD
Batch still processing -- polling again in 30s.
Progress: 17872/23008 recorded, spend so far 13.2636 USD, remaining 11.7364 USD
Batch still processing -- polling again in 30s.
Progress: 17872/23008 recorded, spend so far 13.2636 USD, remaining 11.7364 USD
Batch still processing -- polling again in 30s.
Progress: 17872/23008 recorded, spend so far 13.2636 USD, remaining 11.7364 USD
Batch still processing -- polling again in 30s.
Progress: 17872/23008 recorded, spend so far 13.2636 USD, remaining 11.7364 USD
Batch still processing -- polling again in 30s.
Progress: 17872/23008 recorded, spend so far 13.2636 USD, remaining 11.7364 USD
Batch still processing -- polling again in 30s.
Progress: 17872/23008 recorded, spend so far 13.2636 USD, remaining 11.7364 USD
Batch still processing -- polling again in 30s.
Progress: 17872/23008 recorded, spend so far 13.2636 USD, remaining 11.7364 USD
Batch still processing -- polling again in 30s.
Progress: 17872/23008 recorded, spend so far 13.2636 USD, remaining 11.7364 USD
Batch still processing -- polling again in 30s.
Progress: 17872/23008 recorded, spend so far 13.2636 USD, remaining 11.7364 USD
Batch still processing -- polling again in 30s.
Progress: 17872/23008 recorded, spend so far 13.2636 USD, remaining 11.7364 USD
Batch still processing -- polling again in 30s.
Progress: 17872/23008 recorded, spend so far 13.2636 USD, remaining 11.7364 USD
Batch still processing -- polling again in 30s.
Progress: 17872/23008 recorded, spend so far 13.2636 USD, remaining 11.7364 USD
Batch still processing -- polling again in 30s.
Progress: 17872/23008 recorded, spend so far 13.2636 USD, remaining 11.7364 USD
Batch still processing -- polling again in 30s.
Progress: 17872/23008 recorded, spend so far 13.2636 USD, remaining 11.7364 USD
Batch still processing -- polling again in 30s.
Progress: 17872/23008 recorded, spend so far 13.2636 USD, remaining 11.7364 USD
Progress: 18892/23008 recorded, spend so far 14.5156 USD, remaining 10.4844 USD
Submitting next chunk: 903 requests.
Progress: 18892/23008 recorded, spend so far 14.5156 USD, remaining 10.4844 USD
Batch still processing -- polling again in 30s.
Progress: 18892/23008 recorded, spend so far 14.5156 USD, remaining 10.4844 USD
Batch still processing -- polling again in 30s.
Progress: 18892/23008 recorded, spend so far 14.5156 USD, remaining 10.4844 USD
Batch still processing -- polling again in 30s.
Progress: 18892/23008 recorded, spend so far 14.5156 USD, remaining 10.4844 USD
Batch still processing -- polling again in 30s.
Progress: 18892/23008 recorded, spend so far 14.5156 USD, remaining 10.4844 USD
Batch still processing -- polling again in 30s.
Progress: 18892/23008 recorded, spend so far 14.5156 USD, remaining 10.4844 USD
Progress: 19795/23008 recorded, spend so far 15.5201 USD, remaining 9.4799 USD
Submitting next chunk: 824 requests.
Progress: 19795/23008 recorded, spend so far 15.5201 USD, remaining 9.4799 USD
Batch still processing -- polling again in 30s.
Progress: 19795/23008 recorded, spend so far 15.5201 USD, remaining 9.4799 USD
Batch still processing -- polling again in 30s.
Progress: 19795/23008 recorded, spend so far 15.5201 USD, remaining 9.4799 USD
Batch still processing -- polling again in 30s.
Progress: 19795/23008 recorded, spend so far 15.5201 USD, remaining 9.4799 USD
Batch still processing -- polling again in 30s.
Progress: 19795/23008 recorded, spend so far 15.5201 USD, remaining 9.4799 USD
Progress: 20619/23008 recorded, spend so far 16.4421 USD, remaining 8.5579 USD
Submitting next chunk: 747 requests.
Progress: 20619/23008 recorded, spend so far 16.4421 USD, remaining 8.5579 USD
Batch still processing -- polling again in 30s.
Progress: 20619/23008 recorded, spend so far 16.4421 USD, remaining 8.5579 USD
Batch still processing -- polling again in 30s.
Progress: 20619/23008 recorded, spend so far 16.4421 USD, remaining 8.5579 USD
Batch still processing -- polling again in 30s.
Progress: 20619/23008 recorded, spend so far 16.4421 USD, remaining 8.5579 USD
Batch still processing -- polling again in 30s.
Progress: 20619/23008 recorded, spend so far 16.4421 USD, remaining 8.5579 USD
Batch still processing -- polling again in 30s.
Progress: 20619/23008 recorded, spend so far 16.4421 USD, remaining 8.5579 USD
Batch still processing -- polling again in 30s.
Progress: 20619/23008 recorded, spend so far 16.4421 USD, remaining 8.5579 USD
Progress: 21366/23008 recorded, spend so far 17.4956 USD, remaining 7.5044 USD
Submitting next chunk: 654 requests.
Progress: 21366/23008 recorded, spend so far 17.4956 USD, remaining 7.5044 USD
Batch still processing -- polling again in 30s.
Progress: 21366/23008 recorded, spend so far 17.4956 USD, remaining 7.5044 USD
Batch still processing -- polling again in 30s.
Progress: 21366/23008 recorded, spend so far 17.4956 USD, remaining 7.5044 USD
Batch still processing -- polling again in 30s.
Progress: 21366/23008 recorded, spend so far 17.4956 USD, remaining 7.5044 USD
Batch still processing -- polling again in 30s.
Progress: 21366/23008 recorded, spend so far 17.4956 USD, remaining 7.5044 USD
Batch still processing -- polling again in 30s.
Progress: 21366/23008 recorded, spend so far 17.4956 USD, remaining 7.5044 USD
Batch still processing -- polling again in 30s.
Progress: 21366/23008 recorded, spend so far 17.4956 USD, remaining 7.5044 USD
Progress: 22020/23008 recorded, spend so far 18.3164 USD, remaining 6.6836 USD
Submitting next chunk: 583 requests.
Progress: 22020/23008 recorded, spend so far 18.3164 USD, remaining 6.6836 USD
Batch still processing -- polling again in 30s.
Progress: 22020/23008 recorded, spend so far 18.3164 USD, remaining 6.6836 USD
Batch still processing -- polling again in 30s.
Progress: 22020/23008 recorded, spend so far 18.3164 USD, remaining 6.6836 USD
Batch still processing -- polling again in 30s.
Progress: 22020/23008 recorded, spend so far 18.3164 USD, remaining 6.6836 USD
Batch still processing -- polling again in 30s.
Progress: 22020/23008 recorded, spend so far 18.3164 USD, remaining 6.6836 USD
Batch still processing -- polling again in 30s.
Progress: 22020/23008 recorded, spend so far 18.3164 USD, remaining 6.6836 USD
Batch still processing -- polling again in 30s.
Progress: 22020/23008 recorded, spend so far 18.3164 USD, remaining 6.6836 USD
Progress: 22603/23008 recorded, spend so far 19.2199 USD, remaining 5.7801 USD
Submitting next chunk: 405 requests.
Progress: 22603/23008 recorded, spend so far 19.2199 USD, remaining 5.7801 USD
Batch still processing -- polling again in 30s.
Progress: 22603/23008 recorded, spend so far 19.2199 USD, remaining 5.7801 USD
Batch still processing -- polling again in 30s.
Progress: 22603/23008 recorded, spend so far 19.2199 USD, remaining 5.7801 USD
Batch still processing -- polling again in 30s.
Progress: 22603/23008 recorded, spend so far 19.2199 USD, remaining 5.7801 USD
Batch still processing -- polling again in 30s.
Progress: 22603/23008 recorded, spend so far 19.2199 USD, remaining 5.7801 USD
Batch still processing -- polling again in 30s.
Progress: 22603/23008 recorded, spend so far 19.2199 USD, remaining 5.7801 USD
Batch still processing -- polling again in 30s.
Progress: 22603/23008 recorded, spend so far 19.2199 USD, remaining 5.7801 USD
Progress: 23008/23008 recorded, spend so far 20.0080 USD, remaining 4.9920 USD
Total spent so far: 20.0080 USD (cap: 25.00)
Results so far: data\p3_results.jsonl
All results recorded -- P3 complete.
